Vivado Simulator v2025.1.0
Copyright 1986-2022 Xilinx, Inc. All Rights Reserved.
Copyright 2022-2025 Advanced Micro Devices, Inc. All Rights Reserved.
Running: C:/Xilinx/2025.1/Vivado/bin/unwrapped/win64.o/xelab.exe --incr --debug typical --relax --mt 2 -L xil_defaultlib -L uvm -L unisims_ver -L unimacro_ver -L secureip --snapshot tb_systolic_array_behav xil_defaultlib.tb_systolic_array xil_defaultlib.glbl -log elaborate.log 
Using 2 slave threads.
Starting static elaboration
Pass Through NonSizing Optimizer
WARNING: [VRFC 10-8967] first argument of $fatal is invalid; expected 0, 1 or 2 [C:/Users/wwwmo/Downloads/8X8/TB/tb_systolic_array.sv:43]
WARNING: [VRFC 10-8967] first argument of $fatal is invalid; expected 0, 1 or 2 [C:/Users/wwwmo/Downloads/8X8/TB/tb_systolic_array.sv:55]
Completed static elaboration
INFO: [XSIM 43-4329] Assuming default value 1 for the first arguement of $fatal at Line 43, File C:/Users/wwwmo/Downloads/8X8/TB/tb_systolic_array.sv
INFO: [XSIM 43-4329] Assuming default value 1 for the first arguement of $fatal at Line 55, File C:/Users/wwwmo/Downloads/8X8/TB/tb_systolic_array.sv
Starting simulation data flow analysis
WARNING: [XSIM 43-4100] "C:/Users/wwwmo/Downloads/8X8/vivado_systolic_8x8/vivado_systolic_8x8.sim/sim_1/behav/xsim/glbl.v" Line 6. Module glbl has a timescale but at least one module in design doesn't have timescale.
WARNING: [XSIM 43-4100] "C:/Users/wwwmo/Downloads/8X8/vivado_systolic_8x8/vivado_systolic_8x8.sim/sim_1/behav/xsim/glbl.v" Line 6. Module glbl has a timescale but at least one module in design doesn't have timescale.
Completed simulation data flow analysis
Time Resolution for simulation is 1ps
Compiling module xil_defaultlib.pe_node(ACC_W=24)
Compiling module xil_defaultlib.systolic_array(ACC_W=24)
Compiling module xil_defaultlib.tb_systolic_array
WARNING: [XSIM 43-3373] "C:/Users/wwwmo/Downloads/8X8/TB/tb_systolic_array.sv" Line 47. System function $fscanf is used as system task. This system function should have a LHS e.g. x=$fscanf().
WARNING: [XSIM 43-3373] "C:/Users/wwwmo/Downloads/8X8/TB/tb_systolic_array.sv" Line 59. System function $fscanf is used as system task. This system function should have a LHS e.g. x=$fscanf().
Compiling module xil_defaultlib.glbl
Built simulation snapshot tb_systolic_array_behav
